
SQL*Plus: Release 11.2.0.2.0 Production on 목 8월 20 09:25:53 2020

Copyright (c) 1982, 2014, Oracle.  All rights reserved.

SQL> conn lsw/1234;
Connected.

SQL> drop table employee_tbl;
drop table employee_tbl
           *
ERROR at line 1:
ORA-00942: table or view does not exist


SQL>
SQL> drop sequence employee_seq;
drop sequence employee_seq
              *
ERROR at line 1:
ORA-02289: sequence does not exist


SQL>
SQL> create table employee_tbl (
  2  empno int not null primary key,
  3  ename varchar2(20),
  4  sal number(4),
  5  hiredate date default sysdate
  6  );

Table created.


SQL> create sequence employee_seq
  2  start with 1
  3  increment by 1
  4  ;

Sequence created.

SQL> insert into employee_tbl values (employee_seq.nextval, '김사랑', 300, sysdate);

1 row created.

SQL> insert into employee_tbl values (employee_seq.nextval, '한예슬', 250, sysdate);

1 row created.

SQL> insert into employee_tbl values (employee_seq.nextval, '오지호', 500, sysdate);

1 row created.

SQL> insert into employee_tbl values (employee_seq.nextval, '이병헌', 600, sysdate);

1 row created.

SQL> insert into employee_tbl values (employee_seq.nextval, '신동엽', 450, sysdate);

1 row created.

SQL> insert into employee_tbl values (employee_seq.nextval, '장동건', 480, sysdate);

1 row created.

SQL> insert into employee_tbl values (employee_seq.nextval, '이문세', 520, sysdate);

1 row created.

SQL> insert into employee_tbl values (employee_seq.nextval, '감우성', 500, sysdate);

1 row created.

SQL> insert into employee_tbl values (employee_seq.nextval, '안성기', 0, sysdate);

1 row created.

SQL> insert into employee_tbl values (employee_seq.nextval, '조향기', 280, sysdate);

1 row created.

SQL> insert into employee_tbl values (employee_seq.nextval, '강혜정', 300, sysdate);

1 row created.

SQL> insert into employee_tbl values (employee_seq.nextval, '박중훈', 560, sysdate);

1 row created.

SQL> insert into employee_tbl values (employee_seq.nextval, '조인성', 250, sysdate);

1 row created.

SQL> commit;

Commit complete.

//////////////////////////////테이블 생성 및 추가
SQL>